<?xml version="1.0" encoding="UTF-8"?>
<TestRun id="ea166da4-0418-490a-b592-6f4fe0172131" name="lanfengqi@LANFENGQI-PC 2011-08-12 18:11:17" runUser="lanfengqi-PC\lanfengqi" xmlns="http://microsoft.com/schemas/VisualStudio/TeamTest/2010">
  <TestSettings name="Local" id="224a7e31-8997-4a64-ae64-2d6254c7d994">
    <Description>These are default test settings for a local test run.</Description>
    <Deployment enabled="false" runDeploymentRoot="lanfengqi_LANFENGQI-PC 2011-08-12 18_11_17">
      <DeploymentItem filename="E:\010.app\Infrastructure.CrossCutting.NetFramework\bin\Debug\Infrastructure.CrossCutting.NetFramework.dll" />
      <DeploymentItem filename="E:\010.app\Infrastructure.CrossCutting\bin\Debug\Infrastructure.CrossCutting.dll" />
    </Deployment>
    <Execution>
      <TestTypeSpecific />
      <AgentRule name="Execution Agents">
      </AgentRule>
    </Execution>
  </TestSettings>
  <Times creation="2011-08-12T18:11:17.1993581-07:00" queuing="2011-08-12T18:11:17.6243824-07:00" start="2011-08-12T18:11:17.7383889-07:00" finish="2011-08-12T18:11:18.7234452-07:00" />
  <ResultSummary outcome="Failed">
    <Counters total="1" executed="1" error="0" failed="1" timeout="0" aborted="0" inconclusive="0" passedButRunAborted="0" notRunnable="0" notExecuted="0" disconnected="0" warning="0" passed="0" completed="0" inProgress="0" pending="0" />
  </ResultSummary>
  <TestDefinitions>
    <UnitTest name="TraceStartLogicalOperationTest" storage="e:\010.app\infrastructure.crosscutting.netframework.tests\bin\debug\infrastructure.crosscutting.netframework.tests.dll" id="51e1a4c7-c4b1-8262-78d3-f51a7b8ffd42">
      <Execution id="115ec7b0-6f2a-4941-b334-b52701af82ee" />
      <TestMethod codeBase="E:/010.app/Infrastructure.CrossCutting.NetFramework.Tests/bin/Debug/Infrastructure.CrossCutting.NetFramework.Tests.DLL" adapterTypeName="Microsoft.VisualStudio.TestTools.TestTypes.Unit.UnitTestAdapter, Microsoft.VisualStudio.QualityTools.Tips.UnitTest.Adapter, Version=10.0.0.0, Culture=neutral, PublicKeyToken=b03f5f7f11d50a3a" className="Infrastructure.CrossCutting.NetFramework.Tests.TraceManagerTest, Infrastructure.CrossCutting.NetFramework.Tests, Version=1.0.0.0, Culture=neutral, PublicKeyToken=null" name="TraceStartLogicalOperationTest" />
    </UnitTest>
  </TestDefinitions>
  <TestLists>
    <TestList name="Results Not in a List" id="8c84fa94-04c1-424b-9868-57a2d4851a1d" />
    <TestList name="All Loaded Results" id="19431567-8539-422a-85d7-44ee4e166bda" />
  </TestLists>
  <TestEntries>
    <TestEntry testId="51e1a4c7-c4b1-8262-78d3-f51a7b8ffd42" executionId="115ec7b0-6f2a-4941-b334-b52701af82ee" testListId="8c84fa94-04c1-424b-9868-57a2d4851a1d" />
  </TestEntries>
  <Results>
    <UnitTestResult executionId="115ec7b0-6f2a-4941-b334-b52701af82ee" testId="51e1a4c7-c4b1-8262-78d3-f51a7b8ffd42" testName="TraceStartLogicalOperationTest" computerName="LANFENGQI-PC" duration="00:00:00.1351487" startTime="2011-08-12T18:11:17.7673906-07:00" endTime="2011-08-12T18:11:18.5474352-07:00" testType="13cdc9d9-ddb5-4fa4-a97d-d965ccfc6d4b" outcome="Failed" testListId="8c84fa94-04c1-424b-9868-57a2d4851a1d" relativeResultsDirectory="115ec7b0-6f2a-4941-b334-b52701af82ee">
      <Output>
        <ErrorInfo>
          <Message>Test method Infrastructure.CrossCutting.NetFramework.Tests.TraceManagerTest.TraceStartLogicalOperationTest threw exception: 
System.ArgumentNullException: 跟踪消息为null或空字符串
Parameter name: operationName</Message>
          <StackTrace>    at Infrastructure.CrossCutting.NetFramework.Logging.TraceManager.TraceStartLogicalOperation(String operationName) in E:\010.app\Infrastructure.CrossCutting.NetFramework\Logging\TraceManager.cs:line 74
   at Infrastructure.CrossCutting.NetFramework.Tests.TraceManagerTest.TraceStartLogicalOperationTest() in E:\010.app\Infrastructure.CrossCutting.NetFramework.Tests\TraceManagerTest.cs:line 146
</StackTrace>
        </ErrorInfo>
      </Output>
    </UnitTestResult>
  </Results>
</TestRun>